[www.nachocabanes.com/pascal/cupas5/index.html]
[backblue.gif]
[fade.gif]
[index.html]
[www.nachocabanes.com/css/foundation.css]
[www.nachocabanes.com/css/prism.css]
[www.nachocabanes.com/js/modernizr.js]
[www.nachocabanes.com/css/prism.js]
[www.nachocabanes.com/pascal/cupas5/index-2.html]
[www.nachocabanes.com/pascal/cupas5/cupas00.html]
[www.nachocabanes.com/pascal/cupas5/cupas01.html]
[www.nachocabanes.com/pascal/cupas5/cupas01b.html]
[www.nachocabanes.com/pascal/cupas5/cupas02.html]
[www.nachocabanes.com/pascal/cupas5/cupas02b.html]
[www.nachocabanes.com/pascal/cupas5/cupas03.html]
[www.nachocabanes.com/pascal/cupas5/cupas03b.html]
[www.nachocabanes.com/pascal/cupas5/cupas04.html]
[www.nachocabanes.com/pascal/cupas5/cupas04b.html]
[www.nachocabanes.com/pascal/cupas5/cupas04c.html]
[www.nachocabanes.com/pascal/cupas5/cupas04d.html]
[www.nachocabanes.com/pascal/cupas5/cupas05.html]
[www.nachocabanes.com/pascal/cupas5/cupas05b.html]
[www.nachocabanes.com/pascal/cupas5/cupas06.html]
[www.nachocabanes.com/pascal/cupas5/cupas06b.html]
[www.nachocabanes.com/pascal/cupas5/cupas06c.html]
[www.nachocabanes.com/pascal/cupas5/cupas06d.html]
[www.nachocabanes.com/pascal/cupas5/cupas06e.html]
[www.nachocabanes.com/pascal/cupas5/cupas06f.html]
[www.nachocabanes.com/pascal/cupas5/cupas06g.html]
[www.nachocabanes.com/pascal/cupas5/cupas07.html]
[www.nachocabanes.com/pascal/cupas5/cupas07b.html]
[www.nachocabanes.com/pascal/cupas5/cupas07c.html]
[www.nachocabanes.com/pascal/cupas5/cupas08.html]
[www.nachocabanes.com/pascal/cupas5/cupas09.html]
[www.nachocabanes.com/pascal/cupas5/cupas09b.html]
[www.nachocabanes.com/pascal/cupas5/cupas09c.html]
[www.nachocabanes.com/pascal/cupas5/cupas09d.html]
[www.nachocabanes.com/pascal/cupas5/cupas09e.html]
[www.nachocabanes.com/pascal/cupas5/cupas09f.html]
[www.nachocabanes.com/pascal/cupas5/cupas09g.html]
[www.nachocabanes.com/pascal/cupas5/cupas09h.html]
[www.nachocabanes.com/pascal/cupas5/cupas10.html]
[www.nachocabanes.com/pascal/cupas5/cupas11.html]
[www.nachocabanes.com/pascal/cupas5/cupas12.html]
[www.nachocabanes.com/pascal/cupas5/cupas13.html]
[www.nachocabanes.com/pascal/cupas5/cupas14.html]
[www.nachocabanes.com/pascal/cupas5/cupasejercicios.html]
[www.nachocabanes.com/pascal/cupas5/cupascambios.html]
[www.nachocabanes.com/js/foundation.min.js]
[www.nachocabanes.com/pascal/cupas5/index.html]
[www.nachocabanes.com/css/foundation.css]
[www.nachocabanes.com/css/prism.css]
[www.nachocabanes.com/js/modernizr.js]
[www.nachocabanes.com/css/prism.js]
[www.nachocabanes.com/pascal/cupas5/index-2.html]
[www.nachocabanes.com/js/jquery.js]
[www.nachocabanes.com/pascal/cupas5/cupas00lazarusWindows.html]
[www.nachocabanes.com/pascal/cupas5/516695]
[pagead2.googlesyndication.com/pagead/f.txt]
[www.nachocabanes.com/pascal/cupas5/cupas00linuxGeany.html]
[www.nachocabanes.com/pascal/cupas5/cupas00fpWindows.html]
[www.nachocabanes.com/pascal/cupas5/cupas00tp55.html]
[www.nachocabanes.com/pascal/cupas5/cupas00.html]
[www.nachocabanes.com/pascal/cupas5/cupas01.html]
[www.nachocabanes.com/pascal/cupas5/cupas01b.html]
[www.nachocabanes.com/pascal/cupas5/cupas02.html]
[www.nachocabanes.com/pascal/cupas5/cupas02b.html]
[www.nachocabanes.com/pascal/cupas5/cupas03.html]
[www.nachocabanes.com/pascal/cupas5/cupas03b.html]
[www.nachocabanes.com/pascal/cupas5/cupas04.html]
[www.nachocabanes.com/pascal/cupas5/cupas04b.html]
[www.nachocabanes.com/pascal/cupas5/cupas04c.html]
[www.nachocabanes.com/pascal/cupas5/cupas04d.html]
[www.nachocabanes.com/pascal/cupas5/cupas05.html]
[www.nachocabanes.com/pascal/cupas5/cupas05b.html]
[www.nachocabanes.com/pascal/cupas5/cupas06.html]
[www.nachocabanes.com/pascal/cupas5/cupas06b.html]
[www.nachocabanes.com/pascal/cupas5/cupas06c.html]
[www.nachocabanes.com/pascal/cupas5/cupas06d.html]
[www.nachocabanes.com/pascal/cupas5/cupas06e.html]
[www.nachocabanes.com/pascal/cupas5/cupas06f.html]
[www.nachocabanes.com/pascal/cupas5/cupas06g.html]
[www.nachocabanes.com/pascal/cupas5/cupas07.html]
[www.nachocabanes.com/pascal/cupas5/cupas07b.html]
[www.nachocabanes.com/pascal/cupas5/cupas07c.html]
[www.nachocabanes.com/pascal/cupas5/cupas08.html]
[www.nachocabanes.com/pascal/cupas5/cupas09.html]
[www.nachocabanes.com/pascal/cupas5/cupas09b.html]
[www.nachocabanes.com/pascal/cupas5/cupas09c.html]
[www.nachocabanes.com/pascal/cupas5/cupas09d.html]
[www.nachocabanes.com/pascal/cupas5/cupas09e.html]
[www.nachocabanes.com/pascal/cupas5/cupas09f.html]
[www.nachocabanes.com/pascal/cupas5/cupas09g.html]
[www.nachocabanes.com/pascal/cupas5/cupas09h.html]
[www.nachocabanes.com/pascal/cupas5/cupas00tp7.html]
[www.aprendeaprogramar.com/recursos/java/invaders.png]
[www.aprendeaprogramar.com/recursos/java/invaders-clases.png]
[www.nachocabanes.com/pascal/cupas5/cupas10.html]
[www.nachocabanes.com/pascal/cupas5/img/crt1a.png]
[www.nachocabanes.com/pascal/cupas5/cupas11.html]
[www.nachocabanes.com/pascal/cupas5/img/graph01.png]
[www.nachocabanes.com/pascal/cupas5/img/graph01b.png]
[www.nachocabanes.com/pascal/cupas5/img/graph03.png]
[www.nachocabanes.com/pascal/cupas5/img/graph05.png]
[www.nachocabanes.com/pascal/cupas5/img/graph05b.png]
[www.nachocabanes.com/pascal/cupas5/img/graph06.png]
[www.nachocabanes.com/pascal/cupas5/img/graph06b.png]
[www.nachocabanes.com/pascal/cupas5/img/graph06c.png]
[www.nachocabanes.com/pascal/cupas5/cupas12.html]
[www.nachocabanes.com/pascal/cupas5/cupas13.html]
[www.nachocabanes.com/pascal/cupas5/cupas14.html]
[www.nachocabanes.com/pascal/cupas5/cupasejercicios.html]
[www.nachocabanes.com/pascal/cupas5/cupascambios.html]
[www.nachocabanes.com/js/jquery.js]
[www.nachocabanes.com/js/foundation.min.js]
[www.nachocabanes.com/pascal/cupas5/img/lazarus-web-2014-02.png]
[www.nachocabanes.com/pascal/cupas5/img/lazarus_0_9_28_2-01.png]
[www.nachocabanes.com/pascal/cupas5/img/lazarus_0_9_28_2-02.png]
[www.nachocabanes.com/pascal/cupas5/img/lazarus_0_9_28_2-03.png]
[www.nachocabanes.com/pascal/cupas5/img/lazarus_0_9_28_2-04.png]
[www.nachocabanes.com/pascal/cupas5/img/lazarus_0_9_28_2-05.png]
[www.nachocabanes.com/pascal/cupas5/img/lazarus_0_9_28_2-06.png]
[www.nachocabanes.com/pascal/cupas5/img/lazarus_0_9_28_2-07.png]
[www.nachocabanes.com/pascal/cupas5/img/lazarus_0_9_28_2-08.png]
[www.nachocabanes.com/pascal/cupas5/img/lazarus_0_9_28_2-09.png]
[www.nachocabanes.com/pascal/cupas5/img/lazarus_0_9_28_2-11.png]
[www.nachocabanes.com/pascal/cupas5/img/lazarus_0_9_28_2-12.png]
[www.nachocabanes.com/pascal/cupas5/img/lazarus_0_9_28_2-14.png]
[www.nachocabanes.com/pascal/cupas5/img/lazarus_0_9_28_2-15.png]
[www.nachocabanes.com/pascal/cupas5/img/lazarus_0_9_28_2-16.png]
[www.nachocabanes.com/pascal/cupas5/img/lazarus_0_9_28_2-18.png]
[www.nachocabanes.com/pascal/cupas5/img/lazarus_0_9_28_2-19.png]
[www.nachocabanes.com/pascal/cupas5/img/lazarus_0_9_28_2-22.png]
[www.nachocabanes.com/pascal/cupas5/img/lazarus_0_9_28_2-24.png]
[www.nachocabanes.com/pascal/cupas5/cupas00lazarusWindows.html]
[www.nachocabanes.com/pascal/cupas5/516695.html]
[www.nachocabanes.com/pascal/cupas5/img/fpc-geany-linux01.png]
[www.nachocabanes.com/pascal/cupas5/img/fpc-geany-linux02.png]
[www.nachocabanes.com/pascal/cupas5/img/fpc-geany-linux03.png]
[www.nachocabanes.com/pascal/cupas5/img/fpc-geany-linux04.png]
[www.nachocabanes.com/pascal/cupas5/img/fpc-geany-linux05.png]
[www.nachocabanes.com/pascal/cupas5/img/fpc-geany-linux06.png]
[www.nachocabanes.com/pascal/cupas5/img/fpc-geany-linux07.png]
[www.nachocabanes.com/pascal/cupas5/img/fpc-geany-linux08.png]
[www.nachocabanes.com/pascal/cupas5/img/fpc-geany-linux09.png]
[www.nachocabanes.com/pascal/cupas5/img/fpc-geany-linux10.png]
[www.nachocabanes.com/pascal/cupas5/img/fpc-geany-linux11.png]
[www.nachocabanes.com/pascal/cupas5/img/fpc-geany-linux12.png]
[www.nachocabanes.com/pascal/cupas5/img/fpc-geany-linux13.png]
[www.nachocabanes.com/pascal/cupas5/img/fpc-geany-linux14.png]
[www.nachocabanes.com/pascal/cupas5/img/fpc-geany-linux15.png]
[www.nachocabanes.com/pascal/cupas5/img/fpc-geany-linux16.png]
[www.nachocabanes.com/pascal/cupas5/img/fpc-geany-linux17.png]
[www.nachocabanes.com/pascal/cupas5/img/fpc-geany-linux18.png]
[www.nachocabanes.com/pascal/cupas5/img/fpc-geany-linux19.png]
[www.nachocabanes.com/pascal/cupas5/img/fpc-geany-linux20.png]
[www.nachocabanes.com/pascal/cupas5/cupas00linuxGeany.html]
[www.nachocabanes.com/pascal/cupas5/cupas00fpWindows.html]
[www.nachocabanes.com/pascal/cupas5/cupas00tp55.html]
[www.nachocabanes.com/pascal/cupas5/cupas00tp7.html]
