[www.nachocabanes.com/c/curso/index.html]
[backblue.gif]
[fade.gif]
[index.html]
[www.nachocabanes.com/css/foundation.css]
[www.nachocabanes.com/css/prism.css]
[www.nachocabanes.com/js/modernizr.js]
[www.nachocabanes.com/css/prism.js]
[www.nachocabanes.com/c/curso/index-2.html]
[www.nachocabanes.com/c/curso/cc00.html]
[www.nachocabanes.com/c/curso/516695]
[pagead2.googlesyndication.com/pagead/f.txt]
[www.nachocabanes.com/c/curso/cc01.html]
[www.nachocabanes.com/c/curso/cc02.html]
[www.nachocabanes.com/c/curso/cc03.html]
[www.nachocabanes.com/c/curso/cc04.html]
[www.nachocabanes.com/c/curso/cc05.html]
[www.nachocabanes.com/c/curso/cc06.html]
[www.nachocabanes.com/c/curso/cc07.html]
[www.nachocabanes.com/c/curso/cc08.html]
[www.nachocabanes.com/c/curso/cc09.html]
[www.nachocabanes.com/c/curso/cc10.html]
[www.nachocabanes.com/c/curso/cc10b.html]
[www.nachocabanes.com/c/curso/cc11.html]
[www.nachocabanes.com/c/curso/c_cambios.html]
[www.nachocabanes.com/c/curso/c_soluciones.html]
[www.nachocabanes.com/js/jquery.js]
[www.nachocabanes.com/js/foundation.min.js]
[www.nachocabanes.com/c/curso/index.html]
[www.nachocabanes.com/css/foundation.css]
[www.nachocabanes.com/css/prism.css]
[www.nachocabanes.com/js/modernizr.js]
[www.nachocabanes.com/css/prism.js]
[www.nachocabanes.com/c/curso/index-2.html]
[www.nachocabanes.com/c/curso/cc00.html]
[www.nachocabanes.com/c/curso/516695.html]
[www.nachocabanes.com/c/curso/cc00a.html]
[www.nachocabanes.com/c/curso/cc00c.html]
[www.nachocabanes.com/c/curso/cc01.html]
[www.nachocabanes.com/c/curso/cc01a.html]
[www.nachocabanes.com/c/curso/cc01g.html]
[www.nachocabanes.com/c/curso/cc02.html]
[www.nachocabanes.com/c/curso/cc02b.html]
[www.nachocabanes.com/c/curso/cc02e.html]
[www.nachocabanes.com/c/curso/cc03b.html]
[www.nachocabanes.com/c/curso/cc_dflujo1.jpg]
[www.nachocabanes.com/c/curso/cc_dflujo2.jpg]
[www.nachocabanes.com/c/curso/cc03.html]
[www.nachocabanes.com/c/curso/cc04.html]
[www.nachocabanes.com/c/curso/cc03g.html]
[www.nachocabanes.com/c/curso/cc05.html]
[www.nachocabanes.com/c/curso/cc05b.html]
[www.nachocabanes.com/c/curso/cc05g.html]
[www.nachocabanes.com/c/curso/cc06.html]
[www.nachocabanes.com/c/curso/cc06b.html]
[www.nachocabanes.com/c/curso/cc06n.html]
[www.nachocabanes.com/c/curso/cc07.html]
[www.nachocabanes.com/c/curso/cc07b.html]
[www.nachocabanes.com/c/curso/cc07k.html]
[www.nachocabanes.com/c/curso/cc08.html]
[www.nachocabanes.com/c/curso/cc08b.html]
[www.nachocabanes.com/c/curso/cc09.html]
[www.nachocabanes.com/c/curso/cc09b.html]
[www.nachocabanes.com/c/curso/cc10.html]
[www.nachocabanes.com/c/curso/cc09m.html]
[www.nachocabanes.com/c/curso/cc10b.html]
[www.nachocabanes.com/c/curso/cc10c.html]
[www.nachocabanes.com/c/curso/cc10e.html]
[www.nachocabanes.com/c/curso/cc11.html]
[www.nachocabanes.com/c/curso/c_cambios.html]
[www.nachocabanes.com/c/curso/c_soluciones.html]
[www.nachocabanes.com/js/jquery.js]
[www.nachocabanes.com/js/foundation.min.js]
[www.nachocabanes.com/c/curso/cc11b.html]
[www.nachocabanes.com/c/curso/cc00a.html]
[www.nachocabanes.com/c/curso/cc00c.html]
[www.nachocabanes.com/c/curso/cc00b.html]
[www.nachocabanes.com/c/curso/cc01b.html]
[www.nachocabanes.com/c/curso/cc_linux01.jpg]
[www.nachocabanes.com/c/curso/cc_linux02.jpg]
[www.nachocabanes.com/c/curso/cc_devc01.jpg]
[www.nachocabanes.com/c/curso/cc_devc02.jpg]
[www.nachocabanes.com/c/curso/cc_devc03.jpg]
[www.nachocabanes.com/c/curso/cc_turboc.jpg]
[www.nachocabanes.com/c/curso/cc01a.html]
[www.nachocabanes.com/c/curso/cc01g.html]
[www.nachocabanes.com/c/curso/cc01f.html]
[www.nachocabanes.com/c/curso/cc02b.html]
[www.nachocabanes.com/c/curso/cc02c.html]
[www.nachocabanes.com/c/curso/cc02e.html]
[www.nachocabanes.com/c/curso/cc02d.html]
[www.nachocabanes.com/c/curso/cc03b.html]
[www.nachocabanes.com/c/curso/cc03c.html]
[www.nachocabanes.com/c/curso/cc03g.html]
[www.nachocabanes.com/c/curso/cc03f.html]
[www.nachocabanes.com/c/curso/cc05b.html]
[www.nachocabanes.com/c/curso/cc05c.html]
[www.nachocabanes.com/c/curso/cc05g.html]
[www.nachocabanes.com/c/curso/cc05f.html]
[www.nachocabanes.com/c/curso/cc06b.html]
[www.nachocabanes.com/c/curso/cc06c.html]
[www.nachocabanes.com/c/curso/cc06n.html]
[www.nachocabanes.com/c/curso/cc06m.html]
[www.nachocabanes.com/c/curso/cc07b.html]
[www.nachocabanes.com/c/curso/cc07c.html]
[www.nachocabanes.com/c/curso/cc07k.html]
[www.nachocabanes.com/c/curso/cc07j.html]
[www.nachocabanes.com/c/curso/cc_depurTc1.jpg]
[www.nachocabanes.com/c/curso/cc_depurTc2.jpg]
[www.nachocabanes.com/c/curso/cc_depurDevC1.jpg]
[www.nachocabanes.com/c/curso/cc_depurGdb1.jpg]
[www.nachocabanes.com/c/curso/cc_depurAnjuta1.jpg]
[www.nachocabanes.com/c/curso/cc_depurAnjuta2.jpg]
[www.nachocabanes.com/c/curso/cc08b.html]
[www.nachocabanes.com/c/curso/cc09b.html]
[www.nachocabanes.com/c/curso/cc09c.html]
[www.nachocabanes.com/c/curso/cc09m.html]
[www.nachocabanes.com/c/curso/cc09l.html]
[www.nachocabanes.com/c/curso/cc10d.html]
[www.nachocabanes.com/c/curso/cc_conio.jpg]
[www.nachocabanes.com/c/curso/cc10c.html]
[www.nachocabanes.com/c/curso/cc10e.html]
[www.nachocabanes.com/c/curso/cc11b.html]
[www.nachocabanes.com/c/curso/cc00b.html]
[www.nachocabanes.com/c/curso/cc11c.html]
[www.nachocabanes.com/c/curso/cc01b.html]
[www.nachocabanes.com/c/curso/cc01c.html]
[www.nachocabanes.com/c/curso/cc01f.html]
[www.nachocabanes.com/c/curso/cc02c.html]
[www.nachocabanes.com/c/curso/cc02d.html]
[www.nachocabanes.com/c/curso/cc01e.html]
[www.nachocabanes.com/c/curso/cc03c.html]
[www.nachocabanes.com/c/curso/cc03d.html]
[www.nachocabanes.com/c/curso/cc03e.html]
[www.nachocabanes.com/c/curso/cc_dflujo3.jpg]
[www.nachocabanes.com/c/curso/cc_dflujo4.jpg]
[www.nachocabanes.com/c/curso/cc_tema3_05.png]
[www.nachocabanes.com/c/curso/cc_tema3_06.png]
[www.nachocabanes.com/c/curso/cc_tema3_07.png]
[www.nachocabanes.com/c/curso/cc_tema3_08.png]
[www.nachocabanes.com/c/curso/cc03f.html]
[www.nachocabanes.com/c/curso/cc05c.html]
[www.nachocabanes.com/c/curso/cc05d.html]
[www.nachocabanes.com/c/curso/cc05f.html]
[www.nachocabanes.com/c/curso/cc05e.html]
[www.nachocabanes.com/c/curso/cc06c.html]
[www.nachocabanes.com/c/curso/cc06d.html]
[www.nachocabanes.com/c/curso/cc06m.html]
[www.nachocabanes.com/c/curso/cc06l.html]
[www.nachocabanes.com/c/curso/cc07c.html]
[www.nachocabanes.com/c/curso/cc07d.html]
[www.nachocabanes.com/c/curso/cc07j.html]
[www.nachocabanes.com/c/curso/cc07i.html]
[www.nachocabanes.com/c/curso/cc09c.html]
[www.nachocabanes.com/c/curso/cc09d.html]
[www.nachocabanes.com/c/curso/cc09l.html]
[www.nachocabanes.com/c/curso/cc10d.html]
[www.nachocabanes.com/c/curso/cc09k.html]
[www.nachocabanes.com/c/curso/cc11c.html]
[www.nachocabanes.com/c/curso/cc11d.html]
[www.nachocabanes.com/c/curso/cc01c.html]
[www.nachocabanes.com/c/curso/cc01e.html]
[www.nachocabanes.com/c/curso/cc03d.html]
[www.nachocabanes.com/c/curso/cc03e.html]
[www.nachocabanes.com/c/curso/cc05d.html]
[www.nachocabanes.com/c/curso/cc05e.html]
[www.nachocabanes.com/c/curso/cc01d.html]
[www.nachocabanes.com/c/curso/cc06d.html]
[www.nachocabanes.com/c/curso/cc06e.html]
[www.nachocabanes.com/c/curso/cc06l.html]
[www.nachocabanes.com/c/curso/cc06k.html]
[www.nachocabanes.com/c/curso/cc07d.html]
[www.nachocabanes.com/c/curso/cc07e.html]
[www.nachocabanes.com/c/curso/cc07i.html]
[www.nachocabanes.com/c/curso/cc07h.html]
[www.nachocabanes.com/c/curso/cc09d.html]
[www.nachocabanes.com/c/curso/cc09e.html]
[www.nachocabanes.com/c/curso/cc09j.html]
[www.nachocabanes.com/c/curso/cc_arbol.jpg]
[www.nachocabanes.com/c/curso/cc09k.html]
[www.nachocabanes.com/c/curso/cc11d.html]
[www.nachocabanes.com/c/curso/cc01d.html]
[www.nachocabanes.com/c/curso/cc11e.html]
[www.nachocabanes.com/c/curso/cc06e.html]
[www.nachocabanes.com/c/curso/cc06f.html]
[www.nachocabanes.com/c/curso/cc06k.html]
[www.nachocabanes.com/c/curso/cc06j.html]
[www.nachocabanes.com/c/curso/cc07e.html]
[www.nachocabanes.com/c/curso/cc07f.html]
[www.nachocabanes.com/c/curso/cc07h.html]
[www.nachocabanes.com/c/curso/cc07g.html]
[www.nachocabanes.com/c/curso/cc09e.html]
[www.nachocabanes.com/c/curso/cc09f.html]
[www.nachocabanes.com/c/curso/cc09i.html]
[www.nachocabanes.com/c/curso/cc_lista.gif]
[www.nachocabanes.com/c/curso/cc09j.html]
[www.nachocabanes.com/c/curso/cc11e.html]
[www.nachocabanes.com/c/curso/cc11f.html]
[www.nachocabanes.com/c/curso/cc06f.html]
[www.nachocabanes.com/c/curso/cc06g.html]
[www.nachocabanes.com/c/curso/cc06j.html]
[www.nachocabanes.com/c/curso/cc07f.html]
[www.nachocabanes.com/c/curso/cc07g.html]
[www.nachocabanes.com/c/curso/cc06i.html]
[www.nachocabanes.com/c/curso/cc09f.html]
[www.nachocabanes.com/c/curso/cc09i.html]
[www.nachocabanes.com/c/curso/cc09g.html]
[www.nachocabanes.com/c/curso/cc11f.html]
[www.nachocabanes.com/c/curso/cc11g.html]
[www.nachocabanes.com/c/curso/cc06g.html]
[www.nachocabanes.com/c/curso/cc06i.html]
[www.nachocabanes.com/c/curso/cc06h.html]
[www.nachocabanes.com/c/curso/cc09g.html]
[www.nachocabanes.com/c/curso/cc11g.html]
[www.nachocabanes.com/c/curso/cc06h.html]
[www.nachocabanes.com/c/curso/cc09h.html]
[www.nachocabanes.com/c/curso/cc09h.html]
